13.66.139.0 - - [19/Dec/2020:13:57:26 +0100] "GET /index.php?option=com_phocagallery&view=category&id=1:almhuette-raith&Itemid=53 HTTP/1.1" 200 32653 "-" "Mozilla/5.0 (compatible; bingbot/2.0; +http://www.bing.com/bingbot.htm)" "-"
157.48.153.185 - - [19/Dec/2020:14:08:06 +0100] "GET /apache-log/access.log HTTP/1.1" 200 233 "-" "Mozilla/5.0 (Windows NT 6.3; Win64; x64) AppleWebKit/537.36 (KHTML, like Gecko) Chrome/87.0.4280.88 Safari/537.36" "-"
157.48.153.185 - - [19/Dec/2020:14:08:08 +0100] "GET /favicon.ico HTTP/1.1" 404 217 "http://www.almhuette-raith.at/apache-log/access.log" "Mozilla/5.0 (Windows NT 6.3; Win64; x64) AppleWebKit/537.36 (KHTML, like Gecko) Chrome/87.0.4280.88 Safari/537.36" "-"
216.244.66.230 - - [19/Dec/2020:14:14:26 +0100] "GET /robots.txt HTTP/1.1" 200 304 "-" "Mozilla/5.0 (compatible; DotBot/1.1; http://www.opensiteexplorer.org/dotbot, help@moz.com)" "-"
54.36.148.92 - - [19/Dec/2020:14:16:44 +0100] "GET /index.php?option=com_phocagallery&view=category&id=2%3Awinterfotos&Itemid=53 HTTP/1.1" 200 30662 "-" "Mozilla/5.0 (compatible; AhrefsBot/7.0; +http://ahrefs.com/robot/)" "-"
92.101.35.224 - - [19/Dec/2020:14:29:21 +0100] "GET /administrator/index.php HTTP/1.1" 200 4263 "" "Mozilla/4.0 (compatible; MSIE 6.0; Windows NT 5.1; SV1; .NET CLR 1.1.4322)" "-"
73.166.162.225 - - [19/Dec/2020:14:58:59 +0100] "GET /apache-log/access.log HTTP/1.1" 200 1299 "-" "Mozilla/5.0 (Windows NT 10.0; Win64; x64) AppleWebKit/537.36 (KHTML, like Gecko) Chrome/87.0.4280.101 Safari/537.36" "-"
73.166.162.225 - - [19/Dec/2020:14:58:59 +0100] "GET /favicon.ico HTTP/1.1" 404 217 "http://www.almhuette-raith.at/apache-log/access.log" "Mozilla/5.0 (Windows NT 10.0; Win64; x64) AppleWebKit/537.36 (KHTML, like Gecko) Chrome/87.0.4280.101 Safari/537.36" "-"
54.36.148.108 - - [19/Dec/2020:15:09:30 +0100] "GET /robots.txt HTTP/1.1" 200 304 "-" "Mozilla/5.0 (compatible; AhrefsBot/7.0; +http://ahrefs.com/robot/)" "-"
54.36.148.1 - - [19/Dec/2020:15:09:31 +0100] "GET /index.php?option=com_phocagallery&view=category&id=2%3Awinterfotos&Itemid=53 HTTP/1.1" 200 30618 "-" "Mozilla/5.0 (compatible; AhrefsBot/7.0; +http://ahrefs.com/robot/)" "-"
162.158.203.24 - - [19/Dec/2020:15:16:50 +0100] "GET /apache-log/access.log HTTP/1.1" 200 2164 "-" "-" "-"
35.237.4.214 - - [19/Dec/2020:15:22:40 +0100] "GET /administrator/%22 HTTP/1.1" 404 226 "-" "Mozilla/5.0 (compatible; Discordbot/2.0; +https://discordapp.com)" "-"
42.236.10.125 - - [19/Dec/2020:15:23:10 +0100] "GET / HTTP/1.1" 200 10479 "http://baidu.com/" "Mozilla/5.0 (Linux; U; Android 8.1.0; zh-CN; EML-AL00 Build/HUAWEIEML-AL00) AppleWebKit/537.36 (KHTML, like Gecko) Version/4.0 Chrome/57.0.2987.108 baidu.sogo.uc.UCBrowser/11.9.4.974 UWS/2.13.1.48 Mobile Safari/537.36 AliApp(DingTalk/4.5.11) com.alibaba.android.rimet/10487439 Channel/227200 language/zh-CN" "-"
42.236.10.125 - - [19/Dec/2020:15:23:11 +0100] "GET /modules/mod_bowslideshow/tmpl/css/bowslideshow.css HTTP/1.1" 200 1725 "http://www.almhuette-raith.at/" "Mozilla/5.0 (Linux; U; Android 8.1.0; zh-CN; EML-AL00 Build/HUAWEIEML-AL00) AppleWebKit/537.36 (KHTML, like Gecko) Version/4.0 Chrome/57.0.2987.108 baidu.sogo.uc.UCBrowser/11.9.4.974 UWS/2.13.1.48 Mobile Safari/537.36 AliApp(DingTalk/4.5.11) com.alibaba.android.rimet/10487439 Channel/227200 language/zh-CN" "-"
42.236.10.125 - - [19/Dec/2020:15:23:11 +0100] "GET /templates/_system/css/general.css HTTP/1.1" 404 239 "http://www.almhuette-raith.at/" "Mozilla/5.0 (Linux; U; Android 8.1.0; zh-CN; EML-AL00 Build/HUAWEIEML-AL00) AppleWebKit/537.36 (KHTML, like Gecko) Version/4.0 Chrome/57.0.2987.108 baidu.sogo.uc.UCBrowser/11.9.4.974 UWS/2.13.1.48 Mobile Safari/537.36 AliApp(DingTalk/4.5.11) com.alibaba.android.rimet/10487439 Channel/227200 language/zh-CN" "-"
42.236.10.125 - - [19/Dec/2020:15:23:11 +0100] "GET /templates/jp_hotel/css/template.css HTTP/1.1" 200 10004 "http://www.almhuette-raith.at/" "Mozilla/5.0 (Linux; U; Android 8.1.0; zh-CN; EML-AL00 Build/HUAWEIEML-AL00) AppleWebKit/537.36 (KHTML, like Gecko) Version/4.0 Chrome/57.0.2987.108 baidu.sogo.uc.UCBrowser/11.9.4.974 UWS/2.13.1.48 Mobile Safari/537.36 AliApp(DingTalk/4.5.11) com.alibaba.android.rimet/10487439 Channel/227200 language/zh-CN" "-"
42.236.10.117 - - [19/Dec/2020:15:23:11 +0100] "GET /templates/jp_hotel/css/layout.css HTTP/1.1" 200 1801 "http://www.almhuette-raith.at/" "Mozilla/5.0 (Linux; U; Android 8.1.0; zh-CN; EML-AL00 Build/HUAWEIEML-AL00) AppleWebKit/537.36 (KHTML, like Gecko) Version/4.0 Chrome/57.0.2987.108 baidu.sogo.uc.UCBrowser/11.9.4.974 UWS/2.13.1.48 Mobile Safari/537.36 AliApp(DingTalk/4.5.11) com.alibaba.android.rimet/10487439 Channel/227200 language/zh-CN" "-"
42.236.10.114 - - [19/Dec/2020:15:23:11 +0100] "GET /templates/jp_hotel/css/menu.css HTTP/1.1" 200 1457 "http://www.almhuette-raith.at/" "Mozilla/5.0 (Linux; U; Android 8.1.0; zh-CN; EML-AL00 Build/HUAWEIEML-AL00) AppleWebKit/537.36 (KHTML, like Gecko) Version/4.0 Chrome/57.0.2987.108 baidu.sogo.uc.UCBrowser/11.9.4.974 UWS/2.13.1.48 Mobile Safari/537.36 AliApp(DingTalk/4.5.11) com.alibaba.android.rimet/10487439 Channel/227200 language/zh-CN" "-"
42.236.10.114 - - [19/Dec/2020:15:23:11 +0100] "GET /templates/jp_hotel/css/suckerfish.css HTTP/1.1" 200 3465 "http://www.almhuette-raith.at/" "Mozilla/5.0 (Linux; U; Android 8.1.0; zh-CN; EML-AL00 Build/HUAWEIEML-AL00) AppleWebKit/537.36 (KHTML, like Gecko) Version/4.0 Chrome/57.0.2987.108 baidu.sogo.uc.UCBrowser/11.9.4.974 UWS/2.13.1.48 Mobile Safari/537.36 AliApp(DingTalk/4.5.11) com.alibaba.android.rimet/10487439 Channel/227200 language/zh-CN" "-"
42.236.10.125 - - [19/Dec/2020:15:23:12 +0100] "GET /media/system/js/caption.js HTTP/1.1" 200 1963 "http://www.almhuette-raith.at/" "Mozilla/5.0 (Linux; U; Android 8.1.0; zh-CN; EML-AL00 Build/HUAWEIEML-AL00) AppleWebKit/537.36 (KHTML, like Gecko) Version/4.0 Chrome/57.0.2987.108 baidu.sogo.uc.UCBrowser/11.9.4.974 UWS/2.13.1.48 Mobile Safari/537.36 AliApp(DingTalk/4.5.11) com.alibaba.android.rimet/10487439 Channel/227200 language/zh-CN" "-"
42.236.10.117 - - [19/Dec/2020:15:23:12 +0100] "GET /media/system/js/mootools.js HTTP/1.1" 200 74434 "http://www.almhuette-raith.at/" "Mozilla/5.0 (Linux; U; Android 8.1.0; zh-CN; EML-AL00 Build/HUAWEIEML-AL00) AppleWebKit/537.36 (KHTML, like Gecko) Version/4.0 Chrome/57.0.2987.108 baidu.sogo.uc.UCBrowser/11.9.4.974 UWS/2.13.1.48 Mobile Safari/537.36 AliApp(DingTalk/4.5.11) com.alibaba.android.rimet/10487439 Channel/227200 language/zh-CN" "-"
42.236.10.117 - - [19/Dec/2020:15:23:12 +0100] "GET /templates/jp_hotel/js/moomenu.js HTTP/1.1" 200 4890 "http://www.almhuette-raith.at/" "Mozilla/5.0 (Linux; U; Android 8.1.0; zh-CN; EML-AL00 Build/HUAWEIEML-AL00) AppleWebKit/537.36 (KHTML, like Gecko) Version/4.0 Chrome/57.0.2987.108 baidu.sogo.uc.UCBrowser/11.9.4.974 UWS/2.13.1.48 Mobile Safari/537.36 AliApp(DingTalk/4.5.11) com.alibaba.android.rimet/10487439 Channel/227200 language/zh-CN" "-"
42.236.10.114 - - [19/Dec/2020:15:23:12 +0100] "GET /modules/mod_bowslideshow/tmpl/js/sliderman.1.3.0.js HTTP/1.1" 200 33472 "http://www.almhuette-raith.at/" "Mozilla/5.0 (Linux; U; Android 8.1.0; zh-CN; EML-AL00 Build/HUAWEIEML-AL00) AppleWebKit/537.36 (KHTML, like Gecko) Version/4.0 Chrome/57.0.2987.108 baidu.sogo.uc.UCBrowser/11.9.4.974 UWS/2.13.1.48 Mobile Safari/537.36 AliApp(DingTalk/4.5.11) com.alibaba.android.rimet/10487439 Channel/227200 language/zh-CN" "-"
42.236.10.114 - - [19/Dec/2020:15:23:12 +0100] "GET /images/stories/slideshow/almhuette_raith_02.jpg HTTP/1.1" 200 62918 "http://www.almhuette-raith.at/" "Mozilla/5.0 (Linux; U; Android 8.1.0; zh-CN; EML-AL00 Build/HUAWEIEML-AL00) AppleWebKit/537.36 (KHTML, like Gecko) Version/4.0 Chrome/57.0.2987.108 baidu.sogo.uc.UCBrowser/11.9.4.974 UWS/2.13.1.48 Mobile Safari/537.36 AliApp(DingTalk/4.5.11) com.alibaba.android.rimet/10487439 Channel/227200 language/zh-CN" "-"
42.236.10.125 - - [19/Dec/2020:15:23:12 +0100] "GET /images/stories/slideshow/almhuette_raith_01.jpg HTTP/1.1" 200 88161 "http://www.almhuette-raith.at/" "Mozilla/5.0 (Linux; U; Android 8.1.0; zh-CN; EML-AL00 Build/HUAWEIEML-AL00) AppleWebKit/537.36 (KHTML, like Gecko) Version/4.0 Chrome/57.0.2987.108 baidu.sogo.uc.UCBrowser/11.9.4.974 UWS/2.13.1.48 Mobile Safari/537.36 AliApp(DingTalk/4.5.11) com.alibaba.android.rimet/10487439 Channel/227200 language/zh-CN" "-"
42.236.10.114 - - [19/Dec/2020:15:23:12 +0100] "GET /templates/_system/css/general.css HTTP/1.1" 404 239 "http://www.almhuette-raith.at/" "Mozilla/5.0 (Linux; U; Android 8.1.0; zh-CN; EML-AL00 Build/HUAWEIEML-AL00) AppleWebKit/537.36 (KHTML, like Gecko) Version/4.0 Chrome/57.0.2987.108 baidu.sogo.uc.UCBrowser/11.9.4.974 UWS/2.13.1.48 Mobile Safari/537.36 AliApp(DingTalk/4.5.11) com.alibaba.android.rimet/10487439 Channel/227200 language/zh-CN" "-"
42.236.10.114 - - [19/Dec/2020:15:23:12 +0100] "GET /images/stories/slideshow/almhuette_raith_03.jpg HTTP/1.1" 200 87782 "http://www.almhuette-raith.at/" "Mozilla/5.0 (Linux; U; Android 8.1.0; zh-CN; EML-AL00 Build/HUAWEIEML-AL00) AppleWebKit/537.36 (KHTML, like Gecko) Version/4.0 Chrome/57.0.2987.108 baidu.sogo.uc.UCBrowser/11.9.4.974 UWS/2.13.1.48 Mobile Safari/537.36 AliApp(DingTalk/4.5.11) com.alibaba.android.rimet/10487439 Channel/227200 language/zh-CN" "-"
42.236.10.125 - - [19/Dec/2020:15:23:12 +0100] "GET /images/stories/slideshow/almhuette_raith_06.jpg HTTP/1.1" 200 68977 "http://www.almhuette-raith.at/" "Mozilla/5.0 (Linux; U; Android 8.1.0; zh-CN; EML-AL00 Build/HUAWEIEML-AL00) AppleWebKit/537.36 (KHTML, like Gecko) Version/4.0 Chrome/57.0.2987.108 baidu.sogo.uc.UCBrowser/11.9.4.974 UWS/2.13.1.48 Mobile Safari/537.36 AliApp(DingTalk/4.5.11) com.alibaba.android.rimet/10487439 Channel/227200 language/zh-CN" "-"
42.236.10.117 - - [19/Dec/2020:15:23:13 +0100] "GET /images/stories/slideshow/almhuette_raith_04.jpg HTTP/1.1" 200 80637 "http://www.almhuette-raith.at/" "Mozilla/5.0 (Linux; U; Android 8.1.0; zh-CN; EML-AL00 Build/HUAWEIEML-AL00) AppleWebKit/537.36 (KHTML, like Gecko) Version/4.0 Chrome/57.0.2987.108 baidu.sogo.uc.UCBrowser/11.9.4.974 UWS/2.13.1.48 Mobile Safari/537.36 AliApp(DingTalk/4.5.11) com.alibaba.android.rimet/10487439 Channel/227200 language/zh-CN" "-"
42.236.10.117 - - [19/Dec/2020:15:23:13 +0100] "GET /images/stories/slideshow/almhuette_raith_05.jpg HTTP/1.1" 200 77796 "http://www.almhuette-raith.at/" "Mozilla/5.0 (Linux; U; Android 8.1.0; zh-CN; EML-AL00 Build/HUAWEIEML-AL00) AppleWebKit/537.36 (KHTML, like Gecko) Version/4.0 Chrome/57.0.2987.108 baidu.sogo.uc.UCBrowser/11.9.4.974 UWS/2.13.1.48 Mobile Safari/537.36 AliApp(DingTalk/4.5.11) com.alibaba.android.rimet/10487439 Channel/227200 language/zh-CN" "-"
42.236.10.114 - - [19/Dec/2020:15:23:13 +0100] "GET /images/stories/slideshow/almhuette_raith_07.jpg HTTP/1.1" 200 94861 "http://www.almhuette-raith.at/" "Mozilla/5.0 (Linux; U; Android 8.1.0; zh-CN; EML-AL00 Build/HUAWEIEML-AL00) AppleWebKit/537.36 (KHTML, like Gecko) Version/4.0 Chrome/57.0.2987.108 baidu.sogo.uc.UCBrowser/11.9.4.974 UWS/2.13.1.48 Mobile Safari/537.36 AliApp(DingTalk/4.5.11) com.alibaba.android.rimet/10487439 Channel/227200 language/zh-CN" "-"
42.236.10.125 - - [19/Dec/2020:15:23:13 +0100] "GET /templates/jp_hotel/images/logo.jpg HTTP/1.1" 200 369 "http://www.almhuette-raith.at/" "Mozilla/5.0 (Linux; U; Android 8.1.0; zh-CN; EML-AL00 Build/HUAWEIEML-AL00) AppleWebKit/537.36 (KHTML, like Gecko) Version/4.0 Chrome/57.0.2987.108 baidu.sogo.uc.UCBrowser/11.9.4.974 UWS/2.13.1.48 Mobile Safari/537.36 AliApp(DingTalk/4.5.11) com.alibaba.android.rimet/10487439 Channel/227200 language/zh-CN" "-"
42.236.10.117 - - [19/Dec/2020:15:23:13 +0100] "GET /images/stories/raith/almhuette_raith.jpg HTTP/1.1" 200 43300 "http://www.almhuette-raith.at/" "Mozilla/5.0 (Linux; U; Android 8.1.0; zh-CN; EML-AL00 Build/HUAWEIEML-AL00) AppleWebKit/537.36 (KHTML, like Gecko) Version/4.0 Chrome/57.0.2987.108 baidu.sogo.uc.UCBrowser/11.9.4.974 UWS/2.13.1.48 Mobile Safari/537.36 AliApp(DingTalk/4.5.11) com.alibaba.android.rimet/10487439 Channel/227200 language/zh-CN" "-"
42.236.10.114 - - [19/Dec/2020:15:23:13 +0100] "GET /images/stories/raith/grillplatz.jpg HTTP/1.1" 200 55303 "http://www.almhuette-raith.at/" "Mozilla/5.0 (Linux; U; Android 8.1.0; zh-CN; EML-AL00 Build/HUAWEIEML-AL00) AppleWebKit/537.36 (KHTML, like Gecko) Version/4.0 Chrome/57.0.2987.108 baidu.sogo.uc.UCBrowser/11.9.4.974 UWS/2.13.1.48 Mobile Safari/537.36 AliApp(DingTalk/4.5.11) com.alibaba.android.rimet/10487439 Channel/227200 language/zh-CN" "-"
42.236.10.117 - - [19/Dec/2020:15:23:13 +0100] "GET /images/stories/raith/wohnraum.jpg HTTP/1.1" 200 43586 "http://www.almhuette-raith.at/" "Mozilla/5.0 (Linux; U; Android 8.1.0; zh-CN; EML-AL00 Build/HUAWEIEML-AL00) AppleWebKit/537.36 (KHTML, like Gecko) Version/4.0 Chrome/57.0.2987.108 baidu.sogo.uc.UCBrowser/11.9.4.974 UWS/2.13.1.48 Mobile Safari/537.36 AliApp(DingTalk/4.5.11) com.alibaba.android.rimet/10487439 Channel/227200 language/zh-CN" "-"
42.236.10.125 - - [19/Dec/2020:15:23:14 +0100] "GET /images/stories/raith/garage.jpg HTTP/1.1" 200 57339 "http://www.almhuette-raith.at/" "Mozilla/5.0 (Linux; U; Android 8.1.0; zh-CN; EML-AL00 Build/HUAWEIEML-AL00) AppleWebKit/537.36 (KHTML, like Gecko) Version/4.0 Chrome/57.0.2987.108 baidu.sogo.uc.UCBrowser/11.9.4.974 UWS/2.13.1.48 Mobile Safari/537.36 AliApp(DingTalk/4.5.11) com.alibaba.android.rimet/10487439 Channel/227200 language/zh-CN" "-"
42.236.10.125 - - [19/Dec/2020:15:23:17 +0100] "GET /images/stories/raith/almenland_logo.jpg HTTP/1.1" 200 21490 "http://www.almhuette-raith.at/" "Mozilla/5.0 (Linux; U; Android 8.1.0; zh-CN; EML-AL00 Build/HUAWEIEML-AL00) AppleWebKit/537.36 (KHTML, like Gecko) Version/4.0 Chrome/57.0.2987.108 baidu.sogo.uc.UCBrowser/11.9.4.974 UWS/2.13.1.48 Mobile Safari/537.36 AliApp(DingTalk/4.5.11) com.alibaba.android.rimet/10487439 Channel/227200 language/zh-CN" "-"
42.236.10.125 - - [19/Dec/2020:15:23:17 +0100] "GET /images/stories/raith/oststeiermark.png HTTP/1.1" 200 65225 "http://www.almhuette-raith.at/" "Mozilla/5.0 (Linux; U; Android 8.1.0; zh-CN; EML-AL00 Build/HUAWEIEML-AL00) AppleWebKit/537.36 (KHTML, like Gecko) Version/4.0 Chrome/57.0.2987.108 baidu.sogo.uc.UCBrowser/11.9.4.974 UWS/2.13.1.48 Mobile Safari/537.36 AliApp(DingTalk/4.5.11) com.alibaba.android.rimet/10487439 Channel/227200 language/zh-CN" "-"
42.236.10.125 - - [19/Dec/2020:15:23:18 +0100] "GET /images/stories/raith/steiermark_herz.png HTTP/1.1" 200 39683 "http://www.almhuette-raith.at/" "Mozilla/5.0 (Linux; U; Android 8.1.0; zh-CN; EML-AL00 Build/HUAWEIEML-AL00) AppleWebKit/537.36 (KHTML, like Gecko) Version/4.0 Chrome/57.0.2987.108 baidu.sogo.uc.UCBrowser/11.9.4.974 UWS/2.13.1.48 Mobile Safari/537.36 AliApp(DingTalk/4.5.11) com.alibaba.android.rimet/10487439 Channel/227200 language/zh-CN" "-"
42.236.10.125 - - [19/Dec/2020:15:23:20 +0100] "GET /images/bg_raith.jpg HTTP/1.1" 200 329961 "http://www.almhuette-raith.at/templates/jp_hotel/css/template.css" "Mozilla/5.0 (Linux; U; Android 8.1.0; zh-CN; EML-AL00 Build/HUAWEIEML-AL00) AppleWebKit/537.36 (KHTML, like Gecko) Version/4.0 Chrome/57.0.2987.108 baidu.sogo.uc.UCBrowser/11.9.4.974 UWS/2.13.1.48 Mobile Safari/537.36 AliApp(DingTalk/4.5.11) com.alibaba.android.rimet/10487439 Channel/227200 language/zh-CN" "-"
42.236.10.125 - - [19/Dec/2020:15:23:23 +0100] "GET /modules/mod_bowslideshow/tmpl/images/image_shadow.png HTTP/1.1" 200 5017 "http://www.almhuette-raith.at/modules/mod_bowslideshow/tmpl/css/bowslideshow.css" "Mozilla/5.0 (Linux; U; Android 8.1.0; zh-CN; EML-AL00 Build/HUAWEIEML-AL00) AppleWebKit/537.36 (KHTML, like Gecko) Version/4.0 Chrome/57.0.2987.108 baidu.sogo.uc.UCBrowser/11.9.4.974 UWS/2.13.1.48 Mobile Safari/537.36 AliApp(DingTalk/4.5.11) com.alibaba.android.rimet/10487439 Channel/227200 language/zh-CN" "-"
42.236.10.114 - - [19/Dec/2020:15:23:23 +0100] "GET /templates/jp_hotel/images/content_heading.gif HTTP/1.1" 200 69 "http://www.almhuette-raith.at/templates/jp_hotel/css/template.css" "Mozilla/5.0 (Linux; U; Android 8.1.0; zh-CN; EML-AL00 Build/HUAWEIEML-AL00) AppleWebKit/537.36 (KHTML, like Gecko) Version/4.0 Chrome/57.0.2987.108 baidu.sogo.uc.UCBrowser/11.9.4.974 UWS/2.13.1.48 Mobile Safari/537.36 AliApp(DingTalk/4.5.11) com.alibaba.android.rimet/10487439 Channel/227200 language/zh-CN" "-"
42.236.10.117 - - [19/Dec/2020:15:23:23 +0100] "GET /templates/jp_hotel/images/module_heading.gif HTTP/1.1" 200 83 "http://www.almhuette-raith.at/templates/jp_hotel/css/template.css" "Mozilla/5.0 (Linux; U; Android 8.1.0; zh-CN; EML-AL00 Build/HUAWEIEML-AL00) AppleWebKit/537.36 (KHTML, like Gecko) Version/4.0 Chrome/57.0.2987.108 baidu.sogo.uc.UCBrowser/11.9.4.974 UWS/2.13.1.48 Mobile Safari/537.36 AliApp(DingTalk/4.5.11) com.alibaba.android.rimet/10487439 Channel/227200 language/zh-CN" "-"
191.102.167.138 - - [19/Dec/2020:15:51:58 +0100] "GET / HTTP/1.0" 200 10466 "http://www.almhuette-raith.at" "Mozilla/5.0 (Windows NT 10.0) AppleWebKit/537.36 (KHTML, like Gecko) Chrome/66.0.3359.139 Safari/537.36" "-"
54.36.149.55 - - [19/Dec/2020:16:06:42 +0100] "GET /index.php?option=com_content&view=article&id=46&Itemid=54 HTTP/1.1" 200 8938 "-" "Mozilla/5.0 (compatible; AhrefsBot/7.0; +http://ahrefs.com/robot/)" "-"
95.217.229.86 - - [19/Dec/2020:16:10:38 +0100] "GET /apache-log/access.log HTTP/1.1" 200 17171 "-" "Mozilla/5.0 (compatible; Seekport Crawler; http://seekport.com/" "-"
182.239.117.249 - - [19/Dec/2020:16:13:33 +0100] "GET /apache-log/access.log HTTP/1.1" 200 17340 "-" "Mozilla/5.0 (Windows NT 10.0; Win64; x64) AppleWebKit/537.36 (KHTML, like Gecko) Chrome/87.0.4280.66 Safari/537.36" "-"
182.239.117.249 - - [19/Dec/2020:16:13:33 +0100] "GET /favicon.ico HTTP/1.1" 404 217 "http://www.almhuette-raith.at/apache-log/access.log" "Mozilla/5.0 (Windows NT 10.0; Win64; x64) AppleWebKit/537.36 (KHTML, like Gecko) Chrome/87.0.4280.66 Safari/537.36" "-"
182.239.117.249 - - [19/Dec/2020:16:13:54 +0100] "GET /apache-log/access.log HTTP/1.1" 200 17822 "-" "Wget/1.20.3 (linux-gnu)" "-"
66.249.64.41 - - [19/Dec/2020:16:39:10 +0100] "GET / HTTP/1.1" 200 10479 "-" "Mozilla/5.0 (compatible; Googlebot/2.1; +http://www.google.com/bot.html)" "-"
157.48.208.79 - - [19/Dec/2020:16:39:36 +0100] "GET /apache-log/access.log HTTP/1.1" 200 18109 "-" "Mozilla/5.0 (Windows NT 10.0; Win64; x64) AppleWebKit/537.36 (KHTML, like Gecko) Chrome/87.0.4280.88 Safari/537.36" "-"
157.48.208.79 - - [19/Dec/2020:16:39:36 +0100] "GET /favicon.ico HTTP/1.1" 404 217 "http://www.almhuette-raith.at/apache-log/access.log" "Mozilla/5.0 (Windows NT 10.0; Win64; x64) AppleWebKit/537.36 (KHTML, like Gecko) Chrome/87.0.4280.88 Safari/537.36" "-"
157.48.208.79 - - [19/Dec/2020:16:40:36 +0100] "GET /apache-log/access.log HTTP/1.1" 200 18587 "-" "Mozilla/5.0 (Windows NT 10.0; Win64; x64) AppleWebKit/537.36 (KHTML, like Gecko) Chrome/87.0.4280.88 Safari/537.36" "-"
157.48.208.79 - - [19/Dec/2020:16:43:22 +0100] "GET /apache-log/access.log HTTP/1.1" 200 18807 "-" "Mozilla/5.0 (Windows NT 10.0; Win64; x64) AppleWebKit/537.36 (KHTML, like Gecko) Chrome/87.0.4280.88 Safari/537.36" "-"
162.210.196.129 - - [19/Dec/2020:16:46:10 +0100] "GET /robots.txt HTTP/1.1" 200 304 "-" "Mozilla/5.0 (compatible; MJ12bot/v1.4.8; http://mj12bot.com/)" "-"
162.210.196.129 - - [19/Dec/2020:16:46:12 +0100] "GET / HTTP/1.1" 200 10479 "-" "Mozilla/5.0 (compatible; MJ12bot/v1.4.8; http://mj12bot.com/)" "-"
66.249.66.158 - - [19/Dec/2020:17:11:04 +0100] "GET / HTTP/1.1" 200 10479 "-" "Mozilla/5.0 (Linux; Android 6.0.1; Nexus 5X Build/MMB29P) AppleWebKit/537.36 (KHTML, like Gecko) Chrome/87.0.4280.90 Mobile Safari/537.36 (compatible; Googlebot/2.1; +http://www.google.com/bot.html)" "-"
45.145.161.12 - - [19/Dec/2020:17:35:42 +0100] "GET /index.php?option=com_contact&view=contact&id=1 HTTP/1.1" 200 9873 "-" "Mozilla/5.0(Linux;Android9;SM-A505FN)AppleWebKit/537.36(KHTML,likeGecko)Chrome/71.0.3578.99MobileSafari/537.36" "-"
45.145.161.12 - - [19/Dec/2020:17:35:43 +0100] "POST /index.php?option=com_contact&view=contact&id=1 HTTP/1.1" 200 188 "-" "Mozilla/5.0(Linux;Android9;SM-A505FN)AppleWebKit/537.36(KHTML,likeGecko)Chrome/71.0.3578.99MobileSafari/537.36" "-"
45.132.51.36 - - [19/Dec/2020:17:36:18 +0100] "GET /index.php?option=com_contact&view=contact&id=1 HTTP/1.1" 200 9873 "-" "Mozilla/5.0(Linux;Android9;SM-G955F)AppleWebKit/537.36(KHTML,likeGecko)Chrome/84.0.4147.125MobileSafari/537.36" "-"
45.132.51.36 - - [19/Dec/2020:17:36:18 +0100] "POST /index.php?option=com_contact&view=contact&id=1 HTTP/1.1" 200 188 "-" "Mozilla/5.0(Linux;Android9;SM-G955F)AppleWebKit/537.36(KHTML,likeGecko)Chrome/84.0.4147.125MobileSafari/537.36" "-"
45.138.145.131 - - [19/Dec/2020:17:36:54 +0100] "GET /index.php?option=com_contact&view=contact&id=1 HTTP/1.1" 200 9873 "-" "Mozilla/5.0(iPad;CPUOS13_6likeMacOSX)AppleWebKit/605.1.15(KHTML,likeGecko)GSA/114.0.318129667Mobile/15E148Safari/604.1" "-"
45.138.145.131 - - [19/Dec/2020:17:36:55 +0100] "POST /index.php?option=com_contact&view=contact&id=1 HTTP/1.1" 200 188 "-" "Mozilla/5.0(iPad;CPUOS13_6likeMacOSX)AppleWebKit/605.1.15(KHTML,likeGecko)GSA/114.0.318129667Mobile/15E148Safari/604.1" "-"
45.144.0.179 - - [19/Dec/2020:17:37:27 +0100] "GET /index.php?option=com_contact&view=contact&id=1 HTTP/1.1" 200 9873 "-" "Mozilla/5.0(Linux;Android4.2.1;en-us;Nexus5Build/JOP40D)AppleWebKit/535.19(KHTML,likeGecko;googleweblight)Chrome/38.0.1025.166MobileSafari/535.19" "-"
45.144.0.179 - - [19/Dec/2020:17:37:28 +0100] "POST /index.php?option=com_contact&view=contact&id=1 HTTP/1.1" 200 188 "-" "Mozilla/5.0(Linux;Android4.2.1;en-us;Nexus5Build/JOP40D)AppleWebKit/535.19(KHTML,likeGecko;googleweblight)Chrome/38.0.1025.166MobileSafari/535.19" "-"
45.138.145.131 - - [19/Dec/2020:17:37:43 +0100] "GET /index.php?option=com_contact&view=contact&id=1 HTTP/1.1" 200 9873 "-" "Mozilla/5.0(Macintosh;IntelMacOSX10_13_6)AppleWebKit/537.36(KHTML,likeGecko)Chrome/68.0.3440.106Safari/537.36" "-"
45.138.145.131 - - [19/Dec/2020:17:37:43 +0100] "POST /index.php?option=com_contact&view=contact&id=1 HTTP/1.1" 200 188 "-" "Mozilla/5.0(Macintosh;IntelMacOSX10_13_6)AppleWebKit/537.36(KHTML,likeGecko)Chrome/68.0.3440.106Safari/537.36" "-"
194.156.95.52 - - [19/Dec/2020:17:38:04 +0100] "GET /index.php?option=com_contact&view=contact&id=1 HTTP/1.1" 200 9873 "-" "Mozilla/5.0(WindowsNT10.0;Win64;x64)AppleWebKit/537.36(KHTML,likeGecko)Chrome/84.0.4147.105Safari/537.36OPR/70.0.3728.106" "-"
194.156.95.52 - - [19/Dec/2020:17:38:05 +0100] "POST /index.php?option=com_contact&view=contact&id=1 HTTP/1.1" 200 188 "-" "Mozilla/5.0(WindowsNT10.0;Win64;x64)AppleWebKit/537.36(KHTML,likeGecko)Chrome/84.0.4147.105Safari/537.36OPR/70.0.3728.106" "-"
45.132.51.36 - - [19/Dec/2020:17:38:10 +0100] "GET /index.php?option=com_contact&view=contact&id=1 HTTP/1.1" 200 9873 "-" "Mozilla/5.0(Linux;Android10;SM-G965F)AppleWebKit/537.36(KHTML,likeGecko)Chrome/81.0.4044.117MobileSafari/537.36" "-"
45.132.51.36 - - [19/Dec/2020:17:38:11 +0100] "POST /index.php?option=com_contact&view=contact&id=1 HTTP/1.1" 200 188 "-" "Mozilla/5.0(Linux;Android10;SM-G965F)AppleWebKit/537.36(KHTML,likeGecko)Chrome/81.0.4044.117MobileSafari/537.36" "-"
45.153.227.31 - - [19/Dec/2020:17:39:22 +0100] "GET /index.php?option=com_contact&view=contact&id=1 HTTP/1.1" 200 9873 "-" "Mozilla/5.0(WindowsNT10.0)AppleWebKit/537.36(KHTML,likeGecko)Chrome/51.0.2683.0Safari/537.36" "-"
45.153.227.31 - - [19/Dec/2020:17:39:22 +0100] "POST /index.php?option=com_contact&view=contact&id=1 HTTP/1.1" 200 188 "-" "Mozilla/5.0(WindowsNT10.0)AppleWebKit/537.36(KHTML,likeGecko)Chrome/51.0.2683.0Safari/537.36" "-"
45.132.51.36 - - [19/Dec/2020:17:39:57 +0100] "GET /index.php?option=com_contact&view=contact&id=1 HTTP/1.1" 200 9873 "-" "Mozilla/5.0(Linux;Android9;W-K510-BYT)AppleWebKit/537.36(KHTML,likeGecko)Chrome/84.0.4147.125MobileSafari/537.36" "-"
45.132.51.36 - - [19/Dec/2020:17:39:57 +0100] "POST /index.php?option=com_contact&view=contact&id=1 HTTP/1.1" 200 188 "-" "Mozilla/5.0(Linux;Android9;W-K510-BYT)AppleWebKit/537.36(KHTML,likeGecko)Chrome/84.0.4147.125MobileSafari/537.36" "-"
45.132.51.36 - - [19/Dec/2020:17:40:20 +0100] "GET /index.php?option=com_contact&view=contact&id=1 HTTP/1.1" 200 9873 "-" "Mozilla/5.0(Linux;Android10;SAMSUNGSM-A505FN)AppleWebKit/537.36(KHTML,likeGecko)SamsungBrowser/12.1Chrome/79.0.3945.136MobileSafari/537.36" "-"
45.132.51.36 - - [19/Dec/2020:17:40:20 +0100] "POST /index.php?option=com_contact&view=contact&id=1 HTTP/1.1" 200 188 "-" "Mozilla/5.0(Linux;Android10;SAMSUNGSM-A505FN)AppleWebKit/537.36(KHTML,likeGecko)SamsungBrowser/12.1Chrome/79.0.3945.136MobileSafari/537.36" "-"
45.138.4.22 - - [19/Dec/2020:17:40:26 +0100] "GET /index.php?option=com_contact&view=contact&id=1 HTTP/1.1" 200 9873 "-" "Mozilla/5.0(Linux;Android10;SM-A3050)AppleWebKit/537.36(KHTML,likeGecko)Chrome/85.0.4183.81MobileSafari/537.36" "-"
45.138.4.22 - - [19/Dec/2020:17:40:27 +0100] "POST /index.php?option=com_contact&view=contact&id=1 HTTP/1.1" 200 188 "-" "Mozilla/5.0(Linux;Android10;SM-A3050)AppleWebKit/537.36(KHTML,likeGecko)Chrome/85.0.4183.81MobileSafari/537.36" "-"
87.247.143.24 - - [19/Dec/2020:17:40:31 +0100] "GET /index.php?option=com_contact&view=contact&id=1 HTTP/1.1" 200 9873 "-" "Mozilla/5.0(Linux;Android9;STK-LX1Build/HUAWEISTK-LX1;wv)AppleWebKit/537.36(KHTML,likeGecko)Version/4.0Chrome/79.0.3945.116MobileSafari/537.36EdgW/1.0" "-"
87.247.143.24 - - [19/Dec/2020:17:40:31 +0100] "POST /index.php?option=com_contact&view=contact&id=1 HTTP/1.1" 200 188 "-" "Mozilla/5.0(Linux;Android9;STK-LX1Build/HUAWEISTK-LX1;wv)AppleWebKit/537.36(KHTML,likeGecko)Version/4.0Chrome/79.0.3945.116MobileSafari/537.36EdgW/1.0" "-"
45.144.0.98 - - [19/Dec/2020:17:41:31 +0100] "GET /index.php?option=com_contact&view=contact&id=1 HTTP/1.1" 200 9873 "-" "Mozilla/5.0(Linux;Android10;SM-A705FN)AppleWebKit/537.36(KHTML,likeGecko)Chrome/85.0.4183.81MobileSafari/537.36" "-"
45.144.0.98 - - [19/Dec/2020:17:41:31 +0100] "POST /index.php?option=com_contact&view=contact&id=1 HTTP/1.1" 200 188 "-" "Mozilla/5.0(Linux;Android10;SM-A705FN)AppleWebKit/537.36(KHTML,likeGecko)Chrome/85.0.4183.81MobileSafari/537.36" "-"
45.132.51.62 - - [19/Dec/2020:17:41:32 +0100] "GET /index.php?option=com_contact&view=contact&id=1 HTTP/1.1" 200 9873 "-" "Mozilla/5.0(iPhone;CPUiPhoneOS13_3_1likeMacOSX)AppleWebKit/605.1.15(KHTML,likeGecko)Version/13.0.5Mobile/15E148Safari/604.1" "-"
45.132.51.62 - - [19/Dec/2020:17:41:32 +0100] "POST /index.php?option=com_contact&view=contact&id=1 HTTP/1.1" 200 188 "-" "Mozilla/5.0(iPhone;CPUiPhoneOS13_3_1likeMacOSX)AppleWebKit/605.1.15(KHTML,likeGecko)Version/13.0.5Mobile/15E148Safari/604.1" "-"
45.132.51.36 - - [19/Dec/2020:17:41:37 +0100] "GET /index.php?option=com_contact&view=contact&id=1 HTTP/1.1" 200 9873 "-" "Mozilla/5.0(Linux;Android10;SAMSUNGSM-G980F/G980FXXU4BTH5)AppleWebKit/537.36(KHTML,likeGecko)SamsungBrowser/12.1Chrome/79.0.3945.136MobileSafari/537.36" "-"
45.132.51.36 - - [19/Dec/2020:17:41:38 +0100] "POST /index.php?option=com_contact&view=contact&id=1 HTTP/1.1" 200 188 "-" "Mozilla/5.0(Linux;Android10;SAMSUNGSM-G980F/G980FXXU4BTH5)AppleWebKit/537.36(KHTML,likeGecko)SamsungBrowser/12.1Chrome/79.0.3945.136MobileSafari/537.36" "-"
45.144.0.98 - - [19/Dec/2020:17:41:45 +0100] "GET /index.php?option=com_contact&view=contact&id=1 HTTP/1.1" 200 9873 "-" "Mozilla/5.0(Linux;U;Android9;fr-fr;Redmi7Build/PKQ1.181021.001)AppleWebKit/537.36(KHTML,likeGecko)Version/4.0Chrome/71.0.3578.141MobileSafari/537.36XiaoMi/MiuiBrowser/12.5.2-gn" "-"
45.144.0.98 - - [19/Dec/2020:17:41:46 +0100] "POST /index.php?option=com_contact&view=contact&id=1 HTTP/1.1" 200 188 "-" "Mozilla/5.0(Linux;U;Android9;fr-fr;Redmi7Build/PKQ1.181021.001)AppleWebKit/537.36(KHTML,likeGecko)Version/4.0Chrome/71.0.3578.141MobileSafari/537.36XiaoMi/MiuiBrowser/12.5.2-gn" "-"
176.222.58.254 - - [19/Dec/2020:17:41:50 +0100] "GET /index.php?option=com_contact&view=contact&id=1 HTTP/1.1" 200 9873 "-" "Mozilla/5.0(Macintosh;IntelMacOSX10_7_5)AppleWebKit/537.36(KHTML,likeGecko)Chrome/49.0.2623.112Safari/537.36" "-"
176.222.58.254 - - [19/Dec/2020:17:41:51 +0100] "POST /index.php?option=com_contact&view=contact&id=1 HTTP/1.1" 200 188 "-" "Mozilla/5.0(Macintosh;IntelMacOSX10_7_5)AppleWebKit/537.36(KHTML,likeGecko)Chrome/49.0.2623.112Safari/537.36" "-"
45.132.51.62 - - [19/Dec/2020:17:42:43 +0100] "GET /index.php?option=com_contact&view=contact&id=1 HTTP/1.1" 200 9873 "-" "Mozilla/5.0(WindowsNT10.0;Win64;x64)AppleWebKit/537.36(KHTML,likeGecko)Chrome/83.0.4103.116Safari/537.36" "-"
45.132.51.62 - - [19/Dec/2020:17:42:44 +0100] "POST /index.php?option=com_contact&view=contact&id=1 HTTP/1.1" 200 188 "-" "Mozilla/5.0(WindowsNT10.0;Win64;x64)AppleWebKit/537.36(KHTML,likeGecko)Chrome/83.0.4103.116Safari/537.36" "-"
45.153.227.31 - - [19/Dec/2020:17:44:54 +0100] "GET /index.php?option=com_contact&view=contact&id=1 HTTP/1.1" 200 9873 "-" "Mozilla/5.0(Linux;Android5.0.1;SAMSUNGGT-I9505)AppleWebKit/537.36(KHTML,likeGecko)SamsungBrowser/12.1Chrome/79.0.3945.136MobileSafari/537.36" "-"
45.153.227.31 - - [19/Dec/2020:17:44:54 +0100] "POST /index.php?option=com_contact&view=contact&id=1 HTTP/1.1" 200 188 "-" "Mozilla/5.0(Linux;Android5.0.1;SAMSUNGGT-I9505)AppleWebKit/537.36(KHTML,likeGecko)SamsungBrowser/12.1Chrome/79.0.3945.136MobileSafari/537.36" "-"
45.144.0.179 - - [19/Dec/2020:17:45:02 +0100] "GET /index.php?option=com_contact&view=contact&id=1 HTTP/1.1" 200 9873 "-" "Mozilla/5.0(Linux;Android7.0;G3311Build/43.0.A.7.106;wv)AppleWebKit/537.36(KHTML,likeGecko)Version/4.0Chrome/85.0.4183.81MobileSafari/537.36EdgW/1.0" "-"
45.144.0.179 - - [19/Dec/2020:17:45:03 +0100] "POST /index.php?option=com_contact&view=contact&id=1 HTTP/1.1" 200 188 "-" "Mozilla/5.0(Linux;Android7.0;G3311Build/43.0.A.7.106;wv)AppleWebKit/537.36(KHTML,likeGecko)Version/4.0Chrome/85.0.4183.81MobileSafari/537.36EdgW/1.0" "-"
176.222.58.254 - - [19/Dec/2020:17:46:28 +0100] "GET /index.php?option=com_contact&view=contact&id=1 HTTP/1.1" 200 9873 "-" "Mozilla/5.0(Linux;Android10;Nokia7plus)AppleWebKit/537.36(KHTML,likeGecko)Chrome/84.0.4147.111MobileSafari/537.36" "-"
176.222.58.254 - - [19/Dec/2020:17:46:29 +0100] "POST /index.php?option=com_contact&view=contact&id=1 HTTP/1.1" 200 188 "-" "Mozilla/5.0(Linux;Android10;Nokia7plus)AppleWebKit/537.36(KHTML,likeGecko)Chrome/84.0.4147.111MobileSafari/537.36" "-"
194.156.95.52 - - [19/Dec/2020:17:46:51 +0100] "GET /index.php?option=com_contact&view=contact&id=1 HTTP/1.1" 200 9873 "-" "Mozilla/5.0(Linux;Android8.0.0;SAMSUNGSM-G930F)AppleWebKit/537.36(KHTML,likeGecko)SamsungBrowser/12.0Chrome/79.0.3945.136MobileSafari/537.36" "-"
194.156.95.52 - - [19/Dec/2020:17:46:53 +0100] "POST /index.php?option=com_contact&view=contact&id=1 HTTP/1.1" 200 188 "-" "Mozilla/5.0(Linux;Android8.0.0;SAMSUNGSM-G930F)AppleWebKit/537.36(KHTML,likeGecko)SamsungBrowser/12.0Chrome/79.0.3945.136MobileSafari/537.36" "-"
45.144.0.98 - - [19/Dec/2020:17:47:49 +0100] "GET /index.php?option=com_contact&view=contact&id=1 HTTP/1.1" 200 9873 "-" "Mozilla/5.0(Linux;Android10;Nokia1.3)AppleWebKit/537.36(KHTML,likeGecko)Chrome/85.0.4183.81MobileSafari/537.36" "-"
45.144.0.98 - - [19/Dec/2020:17:47:49 +0100] "POST /index.php?option=com_contact&view=contact&id=1 HTTP/1.1" 200 188 "-" "Mozilla/5.0(Linux;Android10;Nokia1.3)AppleWebKit/537.36(KHTML,likeGecko)Chrome/85.0.4183.81MobileSafari/537.36" "-"
176.222.58.90 - - [19/Dec/2020:17:47:58 +0100] "GET /index.php?option=com_contact&view=contact&id=1 HTTP/1.1" 200 9873 "-" "Mozilla/5.0(Linux;Android5.0.1;YOGATablet2-1050L)AppleWebKit/537.36(KHTML,likeGecko)Chrome/85.0.4183.81Safari/537.36" "-"
176.222.58.90 - - [19/Dec/2020:17:47:59 +0100] "POST /index.php?option=com_contact&view=contact&id=1 HTTP/1.1" 200 188 "-" "Mozilla/5.0(Linux;Android5.0.1;YOGATablet2-1050L)AppleWebKit/537.36(KHTML,likeGecko)Chrome/85.0.4183.81Safari/537.36" "-"
45.132.51.36 - - [19/Dec/2020:17:48:11 +0100] "GET /index.php?option=com_contact&view=contact&id=1 HTTP/1.1" 200 9873 "-" "Mozilla/5.0(WindowsNT10.0;Win64;x64)AppleWebKit/537.36(KHTML,likeGecko)Chrome/64.0.3282.140Safari/537.36Edge/18.17763" "-"
45.132.51.36 - - [19/Dec/2020:17:48:11 +0100] "POST /index.php?option=com_contact&view=contact&id=1 HTTP/1.1" 200 188 "-" "Mozilla/5.0(WindowsNT10.0;Win64;x64)AppleWebKit/537.36(KHTML,likeGecko)Chrome/64.0.3282.140Safari/537.36Edge/18.17763" "-"
45.132.207.154 - - [19/Dec/2020:17:48:12 +0100] "GET /index.php?option=com_contact&view=contact&id=1 HTTP/1.1" 200 9873 "-" "Mozilla/5.0(Linux;Android10;SM-G960F)AppleWebKit/537.36(KHTML,likeGecko)Chrome/85.0.4183.81MobileSafari/537.36" "-"
45.132.207.154 - - [19/Dec/2020:17:48:12 +0100] "POST /index.php?option=com_contact&view=contact&id=1 HTTP/1.1" 200 188 "-" "Mozilla/5.0(Linux;Android10;SM-G960F)AppleWebKit/537.36(KHTML,likeGecko)Chrome/85.0.4183.81MobileSafari/537.36" "-"
194.156.95.52 - - [19/Dec/2020:17:48:51 +0100] "GET /index.php?option=com_contact&view=contact&id=1 HTTP/1.1" 200 9873 "-" "Mozilla/5.0(Linux;Android9;LM-K410)AppleWebKit/537.36(KHTML,likeGecko)Chrome/85.0.4183.81MobileSafari/537.36" "-"
194.156.95.52 - - [19/Dec/2020:17:48:51 +0100] "POST /index.php?option=com_contact&view=contact&id=1 HTTP/1.1" 200 188 "-" "Mozilla/5.0(Linux;Android9;LM-K410)AppleWebKit/537.36(KHTML,likeGecko)Chrome/85.0.4183.81MobileSafari/537.36" "-"
45.132.51.62 - - [19/Dec/2020:17:49:28 +0100] "GET /index.php?option=com_contact&view=contact&id=1 HTTP/1.1" 200 9873 "-" "Mozilla/5.0(iPhone;CPUiPhoneOS12_4_8likeMacOSX)AppleWebKit/605.1.15(KHTML,likeGecko)Version/12.1.2Mobile/15E148Safari/604.1" "-"
45.132.51.62 - - [19/Dec/2020:17:49:29 +0100] "POST /index.php?option=com_contact&view=contact&id=1 HTTP/1.1" 200 188 "-" "Mozilla/5.0(iPhone;CPUiPhoneOS12_4_8likeMacOSX)AppleWebKit/605.1.15(KHTML,likeGecko)Version/12.1.2Mobile/15E148Safari/604.1" "-"
45.138.145.131 - - [19/Dec/2020:17:51:01 +0100] "GET /index.php?option=com_contact&view=contact&id=1 HTTP/1.1" 200 9873 "-" "Mozilla/5.0(WindowsNT10.0;Win64;x64)AppleWebKit/537.36(KHTML,likeGecko)Chrome/83.0.4103.116Safari/537.36" "-"
45.138.145.131 - - [19/Dec/2020:17:51:01 +0100] "POST /index.php?option=com_contact&view=contact&id=1 HTTP/1.1" 200 188 "-" "Mozilla/5.0(WindowsNT10.0;Win64;x64)AppleWebKit/537.36(KHTML,likeGecko)Chrome/83.0.4103.116Safari/537.36" "-"
176.222.58.90 - - [19/Dec/2020:17:51:02 +0100] "GET /index.php?option=com_contact&view=contact&id=1 HTTP/1.1" 200 9873 "-" "Mozilla/5.0(Linux;Android9;W-P611-EEA)AppleWebKit/537.36(KHTML,likeGecko)Chrome/85.0.4183.81MobileSafari/537.36" "-"
176.222.58.90 - - [19/Dec/2020:17:51:03 +0100] "POST /index.php?option=com_contact&view=contact&id=1 HTTP/1.1" 200 188 "-" "Mozilla/5.0(Linux;Android9;W-P611-EEA)AppleWebKit/537.36(KHTML,likeGecko)Chrome/85.0.4183.81MobileSafari/537.36" "-"
45.153.227.55 - - [19/Dec/2020:17:52:48 +0100] "GET /index.php?option=com_contact&view=contact&id=1 HTTP/1.1" 200 9873 "-" "Mozilla/5.0(Linux;Android9;SM-J415FN)AppleWebKit/537.36(KHTML,likeGecko)Chrome/77.0.3865.116MobileSafari/537.36EdgA/45.07.2.5059" "-"
45.153.227.55 - - [19/Dec/2020:17:52:48 +0100] "POST /index.php?option=com_contact&view=contact&id=1 HTTP/1.1" 200 188 "-" "Mozilla/5.0(Linux;Android9;SM-J415FN)AppleWebKit/537.36(KHTML,likeGecko)Chrome/77.0.3865.116MobileSafari/537.36EdgA/45.07.2.5059" "-"
194.156.95.52 - - [19/Dec/2020:17:52:52 +0100] "GET /index.php?option=com_contact&view=contact&id=1 HTTP/1.1" 200 9873 "-" "Mozilla/5.0(Linux;Android10;SM-T510)AppleWebKit/537.36(KHTML,likeGecko)Chrome/77.0.3865.116Safari/537.36EdgA/45.07.2.5059" "-"
194.156.95.52 - - [19/Dec/2020:17:52:52 +0100] "POST /index.php?option=com_contact&view=contact&id=1 HTTP/1.1" 200 188 "-" "Mozilla/5.0(Linux;Android10;SM-T510)AppleWebKit/537.36(KHTML,likeGecko)Chrome/77.0.3865.116Safari/537.36EdgA/45.07.2.5059" "-"
45.145.161.12 - - [19/Dec/2020:17:53:51 +0100] "GET /index.php?option=com_contact&view=contact&id=1 HTTP/1.1" 200 9873 "-" "Mozilla/5.0(Linux;Android10;SAMSUNGSM-A505FN/A505FNXXU5BTF5)AppleWebKit/537.36(KHTML,likeGecko)SamsungBrowser/12.1Chrome/79.0.3945.136MobileSafari/537.36" "-"
45.145.161.12 - - [19/Dec/2020:17:53:54 +0100] "POST /index.php?option=com_contact&view=contact&id=1 HTTP/1.1" 200 188 "-" "Mozilla/5.0(Linux;Android10;SAMSUNGSM-A505FN/A505FNXXU5BTF5)AppleWebKit/537.36(KHTML,likeGecko)SamsungBrowser/12.1Chrome/79.0.3945.136MobileSafari/537.36" "-"
45.153.227.55 - - [19/Dec/2020:17:54:09 +0100] "GET /index.php?option=com_contact&view=contact&id=1 HTTP/1.1" 200 9873 "-" "Mozilla/5.0(Linux;Android9;SM-J415FN)AppleWebKit/537.36(KHTML,likeGecko)Chrome/85.0.4183.81MobileSafari/537.36" "-"
45.153.227.55 - - [19/Dec/2020:17:54:10 +0100] "POST /index.php?option=com_contact&view=contact&id=1 HTTP/1.1" 200 188 "-" "Mozilla/5.0(Linux;Android9;SM-J415FN)AppleWebKit/537.36(KHTML,likeGecko)Chrome/85.0.4183.81MobileSafari/537.36" "-"
87.247.143.30 - - [19/Dec/2020:17:55:01 +0100] "GET /index.php?option=com_contact&view=contact&id=1 HTTP/1.1" 200 9873 "-" "Mozilla/5.0(WindowsNT6.2;Win64;x64;rv:80.0)Gecko/20100101Firefox/80.0" "-"
87.247.143.30 - - [19/Dec/2020:17:55:03 +0100] "POST /index.php?option=com_contact&view=contact&id=1 HTTP/1.1" 303 5 "-" "Mozilla/5.0(WindowsNT6.2;Win64;x64;rv:80.0)Gecko/20100101Firefox/80.0" "-"
45.153.227.31 - - [19/Dec/2020:17:55:04 +0100] "GET /index.php?option=com_contact&view=contact&id=1 HTTP/1.1" 200 9873 "-" "Mozilla/5.0(iPhone;CPUiPhoneOS13_7likeMacOSX)AppleWebKit/605.1.15(KHTML,likeGecko)CriOS/85.0.4183.92Mobile/15E148Safari/604.1" "-"
45.153.227.31 - - [19/Dec/2020:17:55:04 +0100] "POST /index.php?option=com_contact&view=contact&id=1 HTTP/1.1" 200 188 "-" "Mozilla/5.0(iPhone;CPUiPhoneOS13_7likeMacOSX)AppleWebKit/605.1.15(KHTML,likeGecko)CriOS/85.0.4183.92Mobile/15E148Safari/604.1" "-"
45.145.161.6 - - [19/Dec/2020:17:55:19 +0100] "GET /index.php?option=com_contact&view=contact&id=1 HTTP/1.1" 200 9873 "-" "Mozilla/5.0(Linux;Android10;SM-J600FN)AppleWebKit/537.36(KHTML,likeGecko)Chrome/85.0.4183.81MobileSafari/537.36" "-"
rv:82.0) Gecko/20100101 Firefox/82.0" "-"
173.255.176.5 - - [28/Dec/2020:19:50:15 +0100] "POST /administrator/index.php HTTP/1.1" 200 4498 "http://www.almhuette-raith.at/administrator/" "Mozilla/5.0 (Windows NT 10.0; Win64; x64; rv:82.0) Gecko/20100101 Firefox/82.0" "-"
173.255.176.5 - - [28/Dec/2020:19:50:19 +0100] "POST /administrator/index.php HTTP/1.1" 200 4498 "http://www.almhuette-raith.at/administrator/" "Mozilla/5.0 (Windows NT 10.0; Win64; x64; rv:82.0) Gecko/20100101 Firefox/82.0" "-"
173.255.176.5 - - [28/Dec/2020:19:50:27 +0100] "POST /administrator/index.php HTTP/1.1" 200 4498 "http://www.almhuette-raith.at/administrator/" "Mozilla/5.0 (Windows NT 10.0; Win64; x64; rv:82.0) Gecko/20100101 Firefox/82.0" "-"
173.255.176.5 - - [28/Dec/2020:19:50:31 +0100] "POST /administrator/index.php HTTP/1.1" 200 4498 "http://www.almhuette-raith.at/administrator/" "Mozilla/5.0 (Windows NT 10.0; Win64; x64; rv:82.0) Gecko/20100101 Firefox/82.0" "-"
95.174.110.235 - - [28/Dec/2020:20:20:31 +0100] "POST /administrator/index.php HTTP/1.1" 200 4494 "http://almhuette-raith.at/administrator/index.php" "Mozilla/5.0 (Windows NT 6.1; WOW64) AppleWebKit/537.36 (KHTML, like Gecko) Chrome/52.0.2759.32 Safari/537.36" "-"
193.106.30.100 - - [28/Dec/2020:20:55:32 +0100] "POST /error.php HTTP/1.1" 404 215 "-" "Mozilla/5.0 (Windows NT 10.0; Win64; x64; rv:66.0) Gecko/20100101 Firefox/66.0" "-"
193.106.31.130 - - [28/Dec/2020:21:35:25 +0100] "POST /administrator/index.php HTTP/1.0" 200 4481 "-" "Mozilla/4.0 (compatible; MSIE 7.0; Windows NT 6.0)" "-"
193.106.31.130 - - [28/Dec/2020:21:35:25 +0100] "POST /administrator/index.php HTTP/1.0" 200 4481 "-" "Mozilla/4.0 (compatible; MSIE 7.0; Windows NT 6.0)" "-"
193.106.31.130 - - [28/Dec/2020:21:35:25 +0100] "POST /administrator/index.php HTTP/1.0" 200 4481 "-" "Mozilla/4.0 (compatible; MSIE 7.0; Windows NT 6.0)" "-"
193.106.31.130 - - [28/Dec/2020:21:35:25 +0100] "POST /administrator/index.php HTTP/1.0" 200 4481 "-" "Mozilla/4.0 (compatible; MSIE 7.0; Windows NT 6.0)" "-"
193.106.31.130 - - [28/Dec/2020:21:35:26 +0100] "POST /administrator/index.php HTTP/1.0" 200 4481 "-" "Mozilla/4.0 (compatible; MSIE 7.0; Windows NT 6.0)" "-"
193.106.31.130 - - [28/Dec/2020:21:35:26 +0100] "POST /administrator/index.php HTTP/1.0" 200 4481 "-" "Mozilla/4.0 (compatible; MSIE 7.0; Windows NT 6.0)" "-"
193.106.31.130 - - [28/Dec/2020:21:35:26 +0100] "POST /administrator/index.php HTTP/1.0" 200 4481 "-" "Mozilla/4.0 (compatible; MSIE 7.0; Windows NT 6.0)" "-"
193.106.31.130 - - [28/Dec/2020:21:35:26 +0100] "POST /administrator/index.php HTTP/1.0" 200 4481 "-" "Mozilla/4.0 (compatible; MSIE 7.0; Windows NT 6.0)" "-"
193.106.31.130 - - [28/Dec/2020:21:35:26 +0100] "POST /administrator/index.php HTTP/1.0" 200 4481 "-" "Mozilla/4.0 (compatible; MSIE 7.0; Windows NT 6.0)" "-"
193.106.31.130 - - [28/Dec/2020:21:35:26 +0100] "POST /administrator/index.php HTTP/1.0" 200 4481 "-" "Mozilla/4.0 (compatible; MSIE 7.0; Windows NT 6.0)" "-"
193.106.31.130 - - [28/Dec/2020:21:35:26 +0100] "POST /administrator/index.php HTTP/1.0" 200 4481 "-" "Mozilla/4.0 (compatible; MSIE 7.0; Windows NT 6.0)" "-"
193.106.31.130 - - [28/Dec/2020:21:35:27 +0100] "POST /administrator/index.php HTTP/1.0" 200 4481 "-" "Mozilla/4.0 (compatible; MSIE 7.0; Windows NT 6.0)" "-"
193.106.31.130 - - [28/Dec/2020:21:35:27 +0100] "POST /administrator/index.php HTTP/1.0" 200 4481 "-" "Mozilla/4.0 (compatible; MSIE 7.0; Windows NT 6.0)" "-"
193.106.31.130 - - [28/Dec/2020:21:35:27 +0100] "POST /administrator/index.php HTTP/1.0" 200 4481 "-" "Mozilla/4.0 (compatible; MSIE 7.0; Windows NT 6.0)" "-"
193.106.31.130 - - [28/Dec/2020:21:35:27 +0100] "POST /administrator/index.php HTTP/1.0" 200 4481 "-" "Mozilla/4.0 (compatible; MSIE 7.0; Windows NT 6.0)" "-"
193.106.31.130 - - [28/Dec/2020:21:35:27 +0100] "POST /administrator/index.php HTTP/1.0" 200 4481 "-" "Mozilla/4.0 (compatible; MSIE 7.0; Windows NT 6.0)" "-"
193.106.31.130 - - [28/Dec/2020:21:35:27 +0100] "POST /administrator/index.php HTTP/1.0" 200 4481 "-" "Mozilla/4.0 (compatible; MSIE 7.0; Windows NT 6.0)" "-"
193.106.31.130 - - [28/Dec/2020:21:35:27 +0100] "POST /administrator/index.php HTTP/1.0" 200 4481 "-" "Mozilla/4.0 (compatible; MSIE 7.0; Windows NT 6.0)" "-"
193.106.31.130 - - [28/Dec/2020:21:35:28 +0100] "POST /administrator/index.php HTTP/1.0" 200 4481 "-" "Mozilla/4.0 (compatible; MSIE 7.0; Windows NT 6.0)" "-"
193.106.31.130 - - [28/Dec/2020:21:35:28 +0100] "POST /administrator/index.php HTTP/1.0" 200 4481 "-" "Mozilla/4.0 (compatible; MSIE 7.0; Windows NT 6.0)" "-"
193.106.31.130 - - [28/Dec/2020:21:35:28 +0100] "POST /administrator/index.php HTTP/1.0" 200 4481 "-" "Mozilla/4.0 (compatible; MSIE 7.0; Windows NT 6.0)" "-"
193.106.31.130 - - [28/Dec/2020:21:35:28 +0100] "POST /administrator/index.php HTTP/1.0" 200 4481 "-" "Mozilla/4.0 (compatible; MSIE 7.0; Windows NT 6.0)" "-"
193.106.31.130 - - [28/Dec/2020:21:35:28 +0100] "POST /administrator/index.php HTTP/1.0" 200 4481 "-" "Mozilla/4.0 (compatible; MSIE 7.0; Windows NT 6.0)" "-"
193.106.31.130 - - [23/Jan/2021:12:04:53 +0100] "POST /administrator/index.php HTTP/1.0" 200 4481 "-" "Mozilla/4.0 (compatible; MSIE 7.0; Windows NT 6.0)" "-"
193.106.31.130 - - [23/Jan/2021:12:04:53 +0100] "POST /administrator/index.php HTTP/1.0" 200 4481 "-" "Mozilla/4.0 (compatible; MSIE 7.0; Windows NT 6.0)" "-"
193.106.31.130 - - [23/Jan/2021:12:04:53 +0100] "POST /administrator/index.php HTTP/1.0" 200 4481 "-" "Mozilla/4.0 (compatible; MSIE 7.0; Windows NT 6.0)" "-"
23.229.119.166 - - [23/Jan/2021:13:06:26 +0100] "POST / HTTP/1.1" 200 10439 "http://almhuette-raith.at/" "Mozilla/5.0 (Windows NT 10.0; Win64; x64) AppleWebKit/537.36 (KHTML, like Gecko) Chrome/85.0.4183.83 Safari/537.36" "-"
45.137.43.116 - - [23/Jan/2021:13:17:14 +0100] "POST / HTTP/1.1" 200 10479 "http://www.almhuette-raith.at/" "Mozilla/5.0 (Windows NT 10.0; Win64; x64) AppleWebKit/537.36 (KHTML, like Gecko) Chrome/85.0.4183.83 Safari/537.36" "-"
193.29.107.247 - - [23/Jan/2021:14:47:21 +0100] "POST /administrator/index.php HTTP/1.0" 200 4481 "-" "Mozilla/5.0 (Windows NT 6.1) AppleWebKit/537.36 (KHTML, like Gecko) Chrome/45.0.2454.85 Safari/537.36 OPR/32.0.1948.45" "-"
159.69.67.237 - - [21/Dec/2020:01:19:01 +0100] "HEAD / HTTP/1.1" 200 0 "-" "Java/11.0.4" "-"
159.69.67.237 - - [21/Dec/2020:02:09:56 +0100] "HEAD / HTTP/1.1" 200 0 "-" "Java/11.0.4" "-"
159.69.67.237 - - [22/Dec/2020:01:27:28 +0100] "HEAD / HTTP/1.1" 200 0 "-" "Java/11.0.4" "-"
159.69.67.237 - - [22/Dec/2020:02:33:40 +0100] "HEAD / HTTP/1.1" 200 0 "-" "Java/11.0.4" "-"
193.106.30.100 - - [22/Dec/2020:14:14:11 +0100] "HEAD / HTTP/1.1" 200 0 "-" "Mozilla/5.0 (Windows NT 6.1; WOW64; rv:64.0) Gecko/20100101 Firefox/64.0" "-"
103.73.71.85 - - [23/Dec/2020:02:35:40 +0100] "GET /.git/HEAD HTTP/1.1" 404 215 "-" "Mozilla/5.0 (Windows NT 10.0; Win64; x64; rv:83.0) Gecko/20100101 Firefox/83.0" "-"
103.73.71.85 - - [23/Dec/2020:02:35:41 +0100] "GET /dev/.git/HEAD HTTP/1.1" 404 219 "-" "Mozilla/5.0 (Windows NT 10.0; Win64; x64; rv:83.0) Gecko/20100101 Firefox/83.0" "-"
103.73.71.85 - - [23/Dec/2020:02:35:41 +0100] "GET /stag/.git/HEAD HTTP/1.1" 404 220 "-" "Mozilla/5.0 (Windows NT 10.0; Win64; x64; rv:83.0) Gecko/20100101 Firefox/83.0" "-"
103.73.71.85 - - [23/Dec/2020:02:35:42 +0100] "GET /staging/.git/HEAD HTTP/1.1" 404 223 "-" "Mozilla/5.0 (Windows NT 10.0; Win64; x64; rv:83.0) Gecko/20100101 Firefox/83.0" "-"
103.73.71.85 - - [23/Dec/2020:02:35:43 +0100] "GET /prod/.git/HEAD HTTP/1.1" 404 220 "-" "Mozilla/5.0 (Windows NT 10.0; Win64; x64; rv:83.0) Gecko/20100101 Firefox/83.0" "-"
103.73.71.85 - - [23/Dec/2020:02:35:44 +0100] "GET /local/.git/HEAD HTTP/1.1" 404 221 "-" "Mozilla/5.0 (Windows NT 10.0; Win64; x64; rv:83.0) Gecko/20100101 Firefox/83.0" "-"
103.73.71.85 - - [23/Dec/2020:02:35:46 +0100] "GET /development/.git/HEAD HTTP/1.1" 404 227 "-" "Mozilla/5.0 (Windows NT 10.0; Win64; x64; rv:83.0) Gecko/20100101 Firefox/83.0" "-"
103.73.71.85 - - [23/Dec/2020:02:35:47 +0100] "GET /test/.git/HEAD HTTP/1.1" 404 220 "-" "Mozilla/5.0 (Windows NT 10.0; Win64; x64; rv:83.0) Gecko/20100101 Firefox/83.0" "-"
103.73.71.85 - - [23/Dec/2020:02:35:49 +0100] "GET /api/.git/HEAD HTTP/1.1" 404 219 "-" "Mozilla/5.0 (Windows NT 10.0; Win64; x64; rv:83.0) Gecko/20100101 Firefox/83.0" "-"
159.69.67.237 - - [24/Dec/2020:01:05:38 +0100] "HEAD / HTTP/1.1" 200 0 "-" "Java/11.0.4" "-"
159.69.67.237 - - [24/Dec/2020:02:06:55 +0100] "HEAD / HTTP/1.1" 200 0 "-" "Java/11.0.4" "-"
159.69.67.237 - - [25/Dec/2020:01:00:15 +0100] "HEAD / HTTP/1.1" 200 0 "-" "Java/11.0.4" "-"
159.69.67.237 - - [25/Dec/2020:01:48:53 +0100] "HEAD / HTTP/1.1" 200 0 "-" "Java/11.0.4" "-"
159.69.67.237 - - [28/Dec/2020:01:28:03 +0100] "HEAD / HTTP/1.1" 200 0 "-" "Java/11.0.4" "-"
159.69.67.237 - - [28/Dec/2020:02:15:38 +0100] "HEAD / HTTP/1.1" 200 0 "-" "Java/11.0.4" "-"
173.255.176.5 - - [28/Dec/2020:20:35:48 +0100] "HEAD //1.txt HTTP/1.1" 404 0 "-" "LWP::Simple/6.50 libwww-perl/6.50" "-"
173.255.176.5 - - [28/Dec/2020:20:35:49 +0100] "HEAD //2.txt HTTP/1.1" 404 0 "-" "LWP::Simple/6.50 libwww-perl/6.50" "-"
173.255.176.5 - - [28/Dec/2020:20:35:49 +0100] "HEAD //1.gz HTTP/1.1" 404 0 "-" "LWP::Simple/6.50 libwww-perl/6.50" "-"
173.255.176.5 - - [28/Dec/2020:20:35:50 +0100] "HEAD //1.rar HTTP/1.1" 404 0 "-" "LWP::Simple/6.50 libwww-perl/6.50" "-"
173.255.176.5 - - [28/Dec/2020:20:36:01 +0100] "HEAD //1.save HTTP/1.1" 404 0 "-" "LWP::Simple/6.50 libwww-perl/6.50" "-"
173.255.176.5 - - [28/Dec/2020:20:36:01 +0100] "HEAD //1.tar HTTP/1.1" 404 0 "-" "LWP::Simple/6.50 libwww-perl/6.50" "-"
173.255.176.5 - - [28/Dec/2020:20:36:02 +0100] "HEAD //1.tar.bz2 HTTP/1.1" 404 0 "-" "LWP::Simple/6.50 libwww-perl/6.50" "-"
173.255.176.5 - - [28/Dec/2020:20:36:06 +0100] "HEAD //1.tar.gz HTTP/1.1" 404 0 "-" "LWP::Simple/6.50 libwww-perl/6.50" "-"
173.255.176.5 - - [28/Dec/2020:20:36:06 +0100] "HEAD //1.tgz HTTP/1.1" 404 0 "-" "LWP::Simple/6.50 libwww-perl/6.50" "-"
173.255.176.5 - - [28/Dec/2020:20:36:08 +0100] "HEAD //1.tmp HTTP/1.1" 404 0 "-" "LWP::Simple/6.50 libwww-perl/6.50" "-"
173.255.176.5 - - [28/Dec/2020:20:36:24 +0100] "HEAD //1.zip HTTP/1.1" 404 0 "-" "LWP::Simple/6.50 libwww-perl/6.50" "-"
173.255.176.5 - - [28/Dec/2020:20:36:25 +0100] "HEAD //2.back HTTP/1.1" 404 0 "-" "LWP::Simple/6.50 libwww-perl/6.50" "-"
173.255.176.5 - - [28/Dec/2020:20:36:33 +0100] "HEAD //2.backup HTTP/1.1" 404 0 "-" "LWP::Simple/6.50 libwww-perl/6.50" "-"
173.255.176.5 - - [28/Dec/2020:20:36:34 +0100] "HEAD //2.gz HTTP/1.1" 404 0 "-" "LWP::Simple/6.50 libwww-perl/6.50" "-"
173.255.176.5 - - [28/Dec/2020:20:36:35 +0100] "HEAD //2.rar HTTP/1.1" 404 0 "-" "LWP::Simple/6.50 libwww-perl/6.50" "-"
173.255.176.5 - - [28/Dec/2020:20:36:38 +0100] "HEAD //2.save HTTP/1.1" 404 0 "-" "LWP::Simple/6.50 libwww-perl/6.50" "-"
173.255.176.5 - - [28/Dec/2020:20:36:47 +0100] "HEAD //2.tar HTTP/1.1" 404 0 "-" "LWP::Simple/6.50 libwww-perl/6.50" "-"
173.255.176.5 - - [28/Dec/2020:20:36:54 +0100] "HEAD //2.tar.bz2 HTTP/1.1" 404 0 "-" "LWP::Simple/6.50 libwww-perl/6.50" "-"
173.255.176.5 - - [28/Dec/2020:20:37:03 +0100] "HEAD //2.tar.gz HTTP/1.1" 404 0 "-" "LWP::Simple/6.50 libwww-perl/6.50" "-"
173.255.176.5 - - [28/Dec/2020:20:37:04 +0100] "HEAD //2.tgz HTTP/1.1" 404 0 "-" "LWP::Simple/6.50 libwww-perl/6.50" "-"
173.255.176.5 - - [28/Dec/2020:20:40:04 +0100] "HEAD //2.tmp HTTP/1.1" 404 0 "-" "LWP::Simple/6.50 libwww-perl/6.50" "-"
173.255.176.5 - - [28/Dec/2020:20:40:05 +0100] "HEAD //2.zip HTTP/1.1" 404 0 "-" "LWP::Simple/6.50 libwww-perl/6.50" "-"
173.255.176.5 - - [28/Dec/2020:20:40:07 +0100] "HEAD //backup.back HTTP/1.1" 404 0 "-" "LWP::Simple/6.50 libwww-perl/6.50" "-"
173.255.176.5 - - [28/Dec/2020:20:40:07 +0100] "HEAD //backup.backup HTTP/1.1" 404 0 "-" "LWP::Simple/6.50 libwww-perl/6.50" "-"
173.255.176.5 - - [28/Dec/2020:20:40:07 +0100] "HEAD //backup.bak HTTP/1.1" 404 0 "-" "LWP::Simple/6.50 libwww-perl/6.50" "-"
173.255.176.5 - - [28/Dec/2020:20:40:08 +0100] "HEAD //backup.bck HTTP/1.1" 404 0 "-" "LWP::Simple/6.50 libwww-perl/6.50" "-"
173.255.176.5 - - [28/Dec/2020:20:40:08 +0100] "HEAD //backup.bkp HTTP/1.1" 404 0 "-" "LWP::Simple/6.50 libwww-perl/6.50" "-"
173.255.176.5 - - [28/Dec/2020:20:40:09 +0100] "HEAD //backup.copy HTTP/1.1" 404 0 "-" "LWP::Simple/6.50 libwww-perl/6.50" "-"
173.255.176.5 - - [28/Dec/2020:20:40:23 +0100] "HEAD //backup.gz HTTP/1.1" 404 0 "-" "LWP::Simple/6.50 libwww-perl/6.50" "-"
83.169.39.166 - - [03/Jan/2021:10:41:19 +0100] "HEAD / HTTP/1.1" 200 0 "-" "-" "-"
159.69.67.237 - - [04/Jan/2021:01:18:30 +0100] "HEAD / HTTP/1.1" 200 0 "-" "Java/11.0.4" "-"
159.69.67.237 - - [04/Jan/2021:02:04:11 +0100] "HEAD / HTTP/1.1" 200 0 "-" "Java/11.0.4" "-"
159.69.67.237 - - [05/Jan/2021:01:24:34 +0100] "HEAD / HTTP/1.1" 200 0 "-" "Java/11.0.4" "-"
159.69.67.237 - - [05/Jan/2021:02:07:54 +0100] "HEAD / HTTP/1.1" 200 0 "-" "Java/11.0.4" "-"
193.106.30.100 - - [05/Jan/2021:14:16:05 +0100] "HEAD / HTTP/1.1" 200 0 "-" "Mozilla/5.0 (Windows NT 6.1; WOW64; rv:64.0) Gecko/20100101 Firefox/64.0" "-"
159.69.67.237 - - [07/Jan/2021:01:13:08 +0100] "HEAD / HTTP/1.1" 200 0 "-" "Java/11.0.4" "-"
159.69.67.237 - - [07/Jan/2021:02:10:57 +0100] "HEAD / HTTP/1.1" 200 0 "-" "Java/11.0.4" "-"
159.69.67.237 - - [08/Jan/2021:01:07:08 +0100] "HEAD / HTTP/1.1" 200 0 "-" "Java/11.0.4" "-"
159.69.67.237 - - [08/Jan/2021:02:02:13 +0100] "HEAD / HTTP/1.1" 200 0 "-" "Java/11.0.4" "-"
107.11.44.148 - - [08/Jan/2021:04:23:51 +0100] "HEAD /administrator/ HTTP/1.1" 200 0 "-" "Microsoft Office Excel 2014" "-"
107.11.44.148 - - [08/Jan/2021:04:23:56 +0100] "HEAD /administrator/ HTTP/1.1" 200 0 "-" "Microsoft Office Excel 2014" "-"
3.224.109.39 - - [09/Jan/2021:19:00:45 +0100] "HEAD / HTTP/1.1" 200 0 "-" "-" "-"
3.224.109.39 - - [09/Jan/2021:20:18:20 +0100] "HEAD / HTTP/1.1" 200 0 "-" "-" "-"
3.224.109.39 - - [09/Jan/2021:21:35:45 +0100] "HEAD / HTTP/1.1" 200 0 "-" "-" "-"
217.182.175.162 - - [09/Jan/2021:23:06:05 +0100] "HEAD /apache-log/access.log HTTP/1.1" 200 0 "-" "Mozilla/5.0 (Macintosh; Intel Mac OS X 10_14_0) AppleWebKit/537.36 (KHTML, like Gecko) Chrome/70.0.3538.67 Safari/537.36" "-"
185.220.101.201 - - [10/Jan/2021:22:54:16 +0100] "HEAD /apache-log/access.log HTTP/1.1" 200 0 "-" "\"Mozilla/5.0(X11;Linuxx86_64)AppleWebKit/535.7(KHTML,likeGecko)Chrome/16.0.912.77Safari/535.7\"" "-"
217.182.175.162 - - [10/Jan/2021:22:54:58 +0100] "HEAD /apache-log/access.log HTTP/1.1" 200 0 "-" "Mozilla/5.0 (Macintosh; Intel Mac OS X 10_14_0) AppleWebKit/537.36 (KHTML, like Gecko) Chrome/70.0.3538.67 Safari/537.36" "-"
159.69.67.237 - - [11/Jan/2021:01:18:49 +0100] "HEAD / HTTP/1.1" 200 0 "-" "Java/11.0.4" "-"
159.69.67.237 - - [11/Jan/2021:02:04:48 +0100] "HEAD / HTTP/1.1" 200 0 "-" "Java/11.0.4" "-"
159.69.67.237 - - [12/Jan/2021:01:32:16 +0100] "HEAD / HTTP/1.1" 200 0 "-" "Java/11.0.4" "-"
159.69.67.237 - - [12/Jan/2021:02:27:24 +0100] "HEAD / HTTP/1.1" 200 0 "-" "Java/11.0.4" "-"
193.106.30.100 - - [12/Jan/2021:14:17:18 +0100] "HEAD / HTTP/1.1" 200 0 "-" "Mozilla/5.0 (Windows NT 6.1; WOW64; rv:64.0) Gecko/20100101 Firefox/64.0" "-"
96.231.234.14 - - [12/Jan/2021:23:07:17 +0100] "HEAD /apache-log/access.log HTTP/1.1" 200 0 "-" "Microsoft Office Word 2014" "-"
18.188.17.243 - - [12/Jan/2021:23:14:08 +0100] "HEAD / HTTP/1.1" 200 0 "-" "CheckMarkNetwork/1.0 (+http://www.checkmarknetwork.com/spider.html)" "-"
96.231.234.14 - - [13/Jan/2021:02:36:04 +0100] "HEAD /apache-log/access.log HTTP/1.1" 200 0 "-" "Microsoft Office Word 2014" "-"
159.69.67.237 - - [14/Jan/2021:01:12:45 +0100] "HEAD / HTTP/1.1" 200 0 "-" "Java/11.0.4" "-"
159.69.67.237 - - [14/Jan/2021:02:31:18 +0100] "HEAD / HTTP/1.1" 200 0 "-" "Java/11.0.4" "-"
159.69.67.237 - - [15/Jan/2021:01:15:42 +0100] "HEAD / HTTP/1.1" 200 0 "-" "Java/11.0.4" "-"
159.69.67.237 - - [15/Jan/2021:02:31:18 +0100] "HEAD / HTTP/1.1" 200 0 "-" "Java/11.0.4" "-"
89.254.212.211 - - [15/Jan/2021:13:22:10 +0100] "HEAD /apache-log/access.log HTTP/1.1" 200 0 "-" "python-requests/2.25.1" "-"
159.69.67.237 - - [18/Jan/2021:01:22:15 +0100] "HEAD / HTTP/1.1" 200 0 "-" "Java/11.0.4" "-"
159.69.67.237 - - [18/Jan/2021:02:10:04 +0100] "HEAD / HTTP/1.1" 200 0 "-" "Java/11.0.4" "-"
178.44.47.170 - - [18/Jan/2021:14:27:59 +0100] "HEAD /apache-log/access.log HTTP/1.1" 200 0 "-" "python-requests/2.25.1" "-"
178.44.47.170 - - [18/Jan/2021:14:52:35 +0100] "HEAD /apache-log/access.log HTTP/1.1" 200 0 "-" "python-requests/2.25.1" "-"
178.44.47.170 - - [18/Jan/2021:14:58:38 +0100] "HEAD /apache-log/access.log HTTP/1.1" 200 0 "-" "python-requests/2.25.1" "-"
178.44.47.170 - - [18/Jan/2021:14:59:26 +0100] "HEAD /apache-log/access.log HTTP/1.1" 200 0 "-" "python-requests/2.25.1" "-"
178.44.47.170 - - [18/Jan/2021:15:05:26 +0100] "HEAD /apache-log/access.log HTTP/1.1" 200 0 "-" "python-requests/2.25.1" "-"
178.44.47.170 - - [18/Jan/2021:15:45:48 +0100] "HEAD /apache-log/access.log HTTP/1.1" 200 0 "-" "python-requests/2.25.1" "-"
178.44.47.170 - - [18/Jan/2021:15:46:58 +0100] "HEAD /apache-log/access.log HTTP/1.1" 200 0 "-" "python-requests/2.25.1" "-"
178.44.47.170 - - [18/Jan/2021:15:48:21 +0100] "HEAD /apache-log/access.log HTTP/1.1" 200 0 "-" "python-requests/2.25.1" "-"
159.69.67.237 - - [21/Jan/2021:02:04:08 +0100] "HEAD / HTTP/1.1" 200 0 "-" "Java/11.0.4" "-"
27.128.230.74 - - [21/Jan/2021:12:48:48 +0100] "HEAD /public/router.php HTTP/1.1" 404 0 "-" "-" "-"
27.128.230.74 - - [21/Jan/2021:12:48:48 +0100] "HEAD /include/dialog/select_soft_post.php HTTP/1.1" 404 0 "-" "-" "-"
151.37.201.243 - - [21/Jan/2021:16:10:04 +0100] "GET /.git/HEAD HTTP/1.1" 404 215 "-" "Mozilla/5.0 (Windows NT 10.0; Win64; x64; rv:84.0) Gecko/20100101 Firefox/84.0" "-"
159.69.67.237 - - [22/Jan/2021:01:07:26 +0100] "HEAD / HTTP/1.1" 200 0 "-" "Java/11.0.4" "-"
159.69.67.237 - - [22/Jan/2021:01:57:53 +0100] "HEAD / HTTP/1.1" 200 0 "-" "Java/11.0.4" "-"
27.128.230.74 - - [23/Jan/2021:06:19:15 +0100] "HEAD /config/AspCms_config.asp HTTP/1.1" 404 0 "-" "-" "-"
178.44.47.170 - - [18/Jan/2021:14:26:46 +0100] "OPTIONS /apache-log/access.log HTTP/1.1" 200 - "-" "python-requests/2.25.1" "-"
54.226.92.40 - - [21/Jan/2021:17:24:11 +0100] "GET /apache-log/access.log HTTP/1.1" 206 65536 "-" "Slackbot-LinkExpanding 1.0 (+https://api.slack.com/robots)" "-"
54.210.156.218 - - [21/Jan/2021:17:24:12 +0100] "GET /apache-log/access.log HTTP/1.1" 206 65536 "-" "Slackbot-LinkExpanding 1.0 (+https://api.slack.com/robots)" "-"
184.73.143.217 - - [21/Jan/2021:17:24:12 +0100] "GET /apache-log/access.log HTTP/1.1" 206 65536 "-" "Slackbot-LinkExpanding 1.0 (+https://api.slack.com/robots)" "-"
3.94.52.119 - - [21/Jan/2021:17:24:13 +0100] "GET /apache-log/access.log HTTP/1.1" 206 65536 "-" "Slackbot-LinkExpanding 1.0 (+https://api.slack.com/robots)" "-"
37.46.150.129 - - [11/Jan/2021:22:02:15 +0100] "POST /administrator/index.php HTTP/1.1" 303 5 "-" "Mozilla/5.0 (X11; Ubuntu; Linux i686; rv:28.0) Gecko/20100101 Firefox/28.0" "-"
37.46.150.129 - - [11/Jan/2021:22:03:03 +0100] "POST /administrator/index.php HTTP/1.1" 303 5 "-" "Mozilla/5.0 (X11; Ubuntu; Linux i686; rv:28.0) Gecko/20100101 Firefox/28.0" "-"
37.46.150.129 - - [11/Jan/2021:22:03:53 +0100] "POST /administrator/index.php HTTP/1.1" 303 5 "-" "Mozilla/5.0 (X11; Ubuntu; Linux i686; rv:28.0) Gecko/20100101 Firefox/28.0" "-"
37.46.150.129 - - [11/Jan/2021:22:04:34 +0100] "POST /administrator/index.php HTTP/1.1" 303 5 "-" "Mozilla/5.0 (X11; Ubuntu; Linux i686; rv:28.0) Gecko/20100101 Firefox/28.0" "-"
37.46.150.129 - - [11/Jan/2021:22:05:12 +0100] "POST /administrator/index.php HTTP/1.1" 303 5 "-" "Mozilla/5.0 (X11; Ubuntu; Linux i686; rv:28.0) Gecko/20100101 Firefox/28.0" "-"
37.46.150.129 - - [11/Jan/2021:22:05:48 +0100] "POST /administrator/index.php HTTP/1.1" 303 5 "-" "Mozilla/5.0 (X11; Ubuntu; Linux i686; rv:28.0) Gecko/20100101 Firefox/28.0" "-"
37.46.150.129 - - [11/Jan/2021:22:06:25 +0100] "POST /administrator/index.php HTTP/1.1" 303 5 "-" "Mozilla/5.0 (X11; Ubuntu; Linux i686; rv:28.0) Gecko/20100101 Firefox/28.0" "-"
37.46.150.129 - - [11/Jan/2021:22:07:00 +0100] "POST /administrator/index.php HTTP/1.1" 303 5 "-" "Mozilla/5.0 (X11; Ubuntu; Linux i686; rv:28.0) Gecko/20100101 Firefox/28.0" "-"
37.46.150.129 - - [11/Jan/2021:22:07:37 +0100] "POST /administrator/index.php HTTP/1.1" 303 5 "-" "Mozilla/5.0 (X11; Ubuntu; Linux i686; rv:28.0) Gecko/20100101 Firefox/28.0" "-"
37.46.150.129 - - [11/Jan/2021:22:08:13 +0100] "POST /administrator/index.php HTTP/1.1" 303 5 "-" "Mozilla/5.0 (X11; Ubuntu; Linux i686; rv:28.0) Gecko/20100101 Firefox/28.0" "-"
37.46.150.129 - - [11/Jan/2021:22:08:50 +0100] "POST /administrator/index.php HTTP/1.1" 303 5 "-" "Mozilla/5.0 (X11; Ubuntu; Linux i686; rv:28.0) Gecko/20100101 Firefox/28.0" "-"
37.46.150.129 - - [11/Jan/2021:22:09:25 +0100] "POST /administrator/index.php HTTP/1.1" 303 5 "-" "Mozilla/5.0 (X11; Ubuntu; Linux i686; rv:28.0) Gecko/20100101 Firefox/28.0" "-"
37.46.150.129 - - [11/Jan/2021:22:10:02 +0100] "POST /administrator/index.php HTTP/1.1" 303 5 "-" "Mozilla/5.0 (X11; Ubuntu; Linux i686; rv:28.0) Gecko/20100101 Firefox/28.0" "-"
37.46.150.129 - - [11/Jan/2021:22:10:44 +0100] "POST /administrator/index.php HTTP/1.1" 303 5 "-" "Mozilla/5.0 (X11; Ubuntu; Linux i686; rv:28.0) Gecko/20100101 Firefox/28.0" "-"
37.46.150.129 - - [11/Jan/2021:22:11:34 +0100] "POST /administrator/index.php HTTP/1.1" 303 5 "-" "Mozilla/5.0 (X11; Ubuntu; Linux i686; rv:28.0) Gecko/20100101 Firefox/28.0" "-"
37.46.150.129 - - [11/Jan/2021:22:12:26 +0100] "POST /administrator/index.php HTTP/1.1" 303 5 "-" "Mozilla/5.0 (X11; Ubuntu; Linux i686; rv:28.0) Gecko/20100101 Firefox/28.0" "-"
37.46.150.129 - - [11/Jan/2021:22:13:03 +0100] "POST /administrator/index.php HTTP/1.1" 303 5 "-" "Mozilla/5.0 (X11; Ubuntu; Linux i686; rv:28.0) Gecko/20100101 Firefox/28.0" "-"
37.46.150.129 - - [11/Jan/2021:22:13:39 +0100] "POST /administrator/index.php HTTP/1.1" 303 5 "-" "Mozilla/5.0 (X11; Ubuntu; Linux i686; rv:28.0) Gecko/20100101 Firefox/28.0" "-"
37.46.150.129 - - [11/Jan/2021:22:14:15 +0100] "POST /administrator/index.php HTTP/1.1" 303 5 "-" "Mozilla/5.0 (X11; Ubuntu; Linux i686; rv:28.0) Gecko/20100101 Firefox/28.0" "-"
37.46.150.129 - - [11/Jan/2021:22:14:52 +0100] "POST /administrator/index.php HTTP/1.1" 303 5 "-" "Mozilla/5.0 (X11; Ubuntu; Linux i686; rv:28.0) Gecko/20100101 Firefox/28.0" "-"
37.46.150.129 - - [11/Jan/2021:22:15:28 +0100] "POST /administrator/index.php HTTP/1.1" 303 5 "-" "Mozilla/5.0 (X11; Ubuntu; Linux i686; rv:28.0) Gecko/20100101 Firefox/28.0" "-"
37.46.150.129 - - [11/Jan/2021:22:16:04 +0100] "POST /administrator/index.php HTTP/1.1" 303 5 "-" "Mozilla/5.0 (X11; Ubuntu; Linux i686; rv:28.0) Gecko/20100101 Firefox/28.0" "-"
37.46.150.129 - - [11/Jan/2021:22:16:40 +0100] "POST /administrator/index.php HTTP/1.1" 303 5 "-" "Mozilla/5.0 (X11; Ubuntu; Linux i686; rv:28.0) Gecko/20100101 Firefox/28.0" "-"
213.162.73.191 - - [16/Jan/2021:18:48:04 +0100] "GET /images/phocagallery/Ferienwohnung_2/thumbs/phoca_thumb_m_4_schlafzimmer.jpg HTTP/1.1" 200 3013 "http://www.almhuette-raith.at/index.php?option=com_phocagallery&view=category&id=4:ferienwohnung2&Itemid=53" "Mozilla/5.0 (Macintosh; Intel Mac OS X 10_15_6) AppleWebKit/605.1.15 (KHTML, like Gecko) Version/14.0.1 Safari/605.1.15" "-"
213.162.73.226 - - [17/Jan/2021:18:47:30 +0100] "GET /images/phocagallery/Ferienwohnung_2/thumbs/phoca_thumb_m_4_schlafzimmer.jpg HTTP/1.1" 200 3013 "http://www.almhuette-raith.at/index.php?option=com_phocagallery&view=category&id=4:ferienwohnung2&Itemid=53" "Mozilla/5.0 (Linux; Android 10; SAMSUNG SM-P615) AppleWebKit/537.36 (KHTML, like Gecko) SamsungBrowser/13.0 Chrome/83.0.4103.106 Safari/537.36" "-"
154.213.3.117 - - [18/Jan/2021:07:04:10 +0100] "GET /administrator HTTP/1.1" 301 260 "-" "Mozilla/5.0 (Windows NT 10.0; Win64; x64) AppleWebKit/537.36 (KHTML, like Gecko) Chrome/87.0.4280.141 Safari/537.36" "-"
46.61.152.191 - - [18/Jan/2021:11:18:32 +0100] "GET /apache-log HTTP/1.1" 301 257 "-" "Mozilla/5.0 (Windows NT 6.1; Win64; x64) AppleWebKit/537.36 (KHTML, like Gecko) Chrome/87.0.4280.141 Safari/537.36" "-"
178.44.47.170 - - [18/Jan/2021:14:19:56 +0100] "GET /apache-log HTTP/1.1" 301 257 "-" "Mozilla/5.0 (Macintosh; Intel Mac OS X 10_15_6) AppleWebKit/605.1.15 (KHTML, like Gecko) Version/14.0.2 Safari/605.1.15" "-"
89.159.228.206 - - [20/Jan/2021:16:08:09 +0100] "GET /administrator/components/com_jnews/includes/openflashchart/php-ofc-library/ofc_upload_image.php?name=magic.php HTTP/1.1" 404 301 "-" "Mozilla/5.0 (Windows; U; Windows NT 5.1; en-US; rv:1.9.2) Gecko/20100115 Firefox/3.6" "-"
89.159.228.206 - - [20/Jan/2021:16:08:09 +0100] "GET /administrator/components/com_jnews/includes/openflashchart/php-ofc-library/ofc_upload_image.php?name=magic.php.pHp HTTP/1.1" 404 301 "-" "Mozilla/5.0 (Windows; U; Windows NT 5.1; en-US; rv:1.9.2) Gecko/20100115 Firefox/3.6" "-"
85.144.245.207 - - [20/Jan/2021:20:38:41 +0100] "GET /apache-log HTTP/1.1" 301 257 "-" "Mozilla/5.0 (Windows NT 10.0; Win64; x64) AppleWebKit/537.36 (KHTML, like Gecko) Chrome/87.0.4280.141 Safari/537.36" "-"
177.201.164.220 - - [21/Jan/2021:00:46:00 +0100] "GET /apache-log/access.log HTTP/1.1" 200 2301952 "https://www.google.com/" "Mozilla/5.0 (Windows NT 6.1) AppleWebKit/537.36 (KHTML, like Gecko) Chrome/87.0.4280.141 Safari/537.36" "-"
109.127.18.197 - - [21/Jan/2021:00:56:21 +0100] "GET /administrator HTTP/1.1" 301 260 "-" "Mozilla/5.0 (Windows NT 10.0; Win64; x64) AppleWebKit/537.36 (KHTML, like Gecko) Chrome/87.0.4280.141 Safari/537.36" "-"
37.131.204.41 - - [23/Jan/2021:08:37:54 +0100] "GET /index.php/component/users/?view=registration HTTP/1.1" 500 1505 "-" "Mozilla/5.0 (Windows NT 6.1) AppleWebKit/537.1 (KHTML, like Gecko) Chrome/20.0.782.964 Safari/535.1" "-"
